sh verif-tools/run
*** This is NuSMV 2.6.0 (compiled on Wed Oct 14 15:35:00 2015)
*** Enabled addons are: compass
*** For more information on NuSMV see <http://nusmv.fbk.eu>
*** or email to <nusmv-users@list.fbk.eu>.
*** Please report bugs to <Please report bugs to <nusmv-users@fbk.eu>>

*** Copyright (c) 2010-2014, Fondazione Bruno Kessler

*** This version of NuSMV is linked to the CUDD library version 2.4.1
*** Copyright (c) 1995-2004, Regents of the University of Colorado

*** This version of NuSMV is linked to the MiniSat SAT solver. 
*** See http://minisat.se/MiniSat.html
*** Copyright (c) 2003-2006, Niklas Een, Niklas Sorensson
*** Copyright (c) 2007-2010, Niklas Sorensson

WARNING *** This version of NuSMV is linked to the zchaff SAT         ***
WARNING *** solver (see http://www.princeton.edu/~chaff/zchaff.html). ***
WARNING *** Zchaff is used in Bounded Model Checking when the         ***
WARNING *** system variable "sat_solver" is set to "zchaff".          ***
WARNING *** Notice that zchaff is for non-commercial purposes only.   ***
WARNING *** NO COMMERCIAL USE OF ZCHAFF IS ALLOWED WITHOUT WRITTEN    ***
WARNING *** PERMISSION FROM PRINCETON UNIVERSITY.                     ***
WARNING *** Please contact Sharad Malik (malik@ee.princeton.edu)      ***
WARNING *** for details.                                              ***

-- specification  G (!"in_RTOS" -> next("prev_task_id") = "cur_task_id")  is true
-- specification  G (((("in_ER" | "in_RTOS") & "cfi_violation") & !"inter_task_violation") -> (next("AR_en") & task_mask) = cleared)  is true
-- specification  G ("inter_task_violation" -> (next("AR_en") & prev_task_mask) = cleared)  is true
-- specification  G ((!"reset" & (("cfi_violation" | "inter_task_violation") | AM_violation)) -> next("zombify_irq"))  is true
-- specification  G ("reset" -> !next("zombify_irq"))  is true
-- specification  G (("in_task" & ("AR_en" & task_mask) = cleared) -> (next("AR_en") & prev_task_mask) = cleared)  is true
######################################################################
Runtime Statistics
------------------
Machine name: hp-cs-018999
User time   32.250 seconds
System time  1.800 seconds

Average resident text size       =     0K
Average resident data+stack size =     0K
Maximum resident size            = 1386072K

Virtual text size                =  8139K
Virtual data size                = -734898K
    data size initialized        =  3424K
    data size uninitialized      =   178K
    data size sbrk               = -738500K
Virtual memory limit             = -2147483648K (-2147483648K)

Major page faults = 94
Minor page faults = 706729
Swaps = 0
Input blocks = 7216
Output blocks = 0
Context switch (voluntary) = 116
Context switch (involuntary) = 79
######################################################################
BDD statistics
--------------------
BDD nodes allocated: 457809
--------------------
